    Finished `test` profile [unoptimized + debuginfo] target(s) in 0.45s
     Running unittests src/lib.rs (fb-core/target/debug/deps/mobile-ec9f0715e125b424)

running 1 test
test world::tests::test_benchmark_load ... ok

test result: ok. 1 passed; 0 failed; 0 ignored; 0 measured; 0 filtered out; finished in 0.21s
